// Jest Snapshot v1, https://goo.gl/fbAQLP

exports[`<IDEEditor /> matches snapshot when code is loaded 1`] = `
<styled.div>
  <ReactAce
    cursorStart={1}
    editorProps={Object {}}
    enableBasicAutocompletion={false}
    enableLiveAutocompletion={false}
    enableSnippets={false}
    focus={false}
    fontSize="1rem"
    height="100%"
    highlightActiveLine={true}
    maxLines={null}
    minLines={null}
    mode="python"
    name="ace_editor"
    navigateToFileEnd={true}
    onChange={[Function]}
    onLoad={null}
    onPaste={null}
    onScroll={null}
    placeholder={null}
    readOnly={false}
    scrollMargin={
      Array [
        0,
        0,
        0,
        0,
      ]
    }
    setOptions={
      Object {
        "fontFamily": "'Source Code Pro', monospace",
        "showLineNumbers": true,
        "tabSize": 4,
      }
    }
    showGutter={true}
    showPrintMargin={true}
    style={Object {}}
    tabSize={4}
    theme="idle_fingers"
    value="def next_turn(...): pass"
    width="100%"
    wrapEnabled={false}
  />
  <Styled(RunCodeButton)
    aria-label="Run Code"
    id="post-code-button"
    isCodeOnServerDifferent={false}
    whenClicked={[Function]}
  />
</styled.div>
`;

exports[`<IDEEditor /> matches snapshot when code isn't loaded 1`] = `
<styled.div>
  <Styled(RunCodeButton)
    aria-label="Run Code"
    id="post-code-button"
    isCodeOnServerDifferent={true}
    whenClicked={[Function]}
  />
</styled.div>
`;

exports[`<IDEEditorLayout /> renders correctly 1`] = `
.c0 {
  position: relative;
  grid-area: ide-editor;
}

<div
  className="c0"
/>
`;
