// Jest Snapshot v1, https://goo.gl/fbAQLP

exports[`<GamePage /> should render successfully with no movies 1`] = `
ShallowWrapper {
  "length": 1,
  Symbol(enzyme.__root__): [Circular],
  Symbol(enzyme.__unrendered__): <GamePage
    movies={Array []}
  />,
  Symbol(enzyme.__renderer__): Object {
    "batchedUpdates": [Function],
    "getNode": [Function],
    "render": [Function],
    "simulateEvent": [Function],
    "unmount": [Function],
  },
  Symbol(enzyme.__node__): Object {
    "instance": null,
    "key": undefined,
    "nodeType": "function",
    "props": Object {
      "children": Array [
        <div>
          Welcome to the AIMMO game screen
        </div>,
        <styled.button
          id="fetch-movies-button"
          onClick={[Function]}
        >
          Get the GhibliMovies!
        </styled.button>,
        <ul />,
      ],
    },
    "ref": null,
    "rendered": Array [
      Object {
        "instance": null,
        "key": undefined,
        "nodeType": "host",
        "props": Object {
          "children": "Welcome to the AIMMO game screen",
        },
        "ref": null,
        "rendered": "Welcome to the AIMMO game screen",
        "type": "div",
      },
      Object {
        "instance": null,
        "key": undefined,
        "nodeType": "class",
        "props": Object {
          "children": "Get the GhibliMovies!",
          "id": "fetch-movies-button",
          "onClick": [Function],
        },
        "ref": null,
        "rendered": "Get the GhibliMovies!",
        "type": [Function],
      },
      Object {
        "instance": null,
        "key": undefined,
        "nodeType": "host",
        "props": Object {
          "children": Array [],
        },
        "ref": null,
        "rendered": Array [],
        "type": "ul",
      },
    ],
    "type": Symbol(react.fragment),
  },
  Symbol(enzyme.__nodes__): Array [
    Object {
      "instance": null,
      "key": undefined,
      "nodeType": "function",
      "props": Object {
        "children": Array [
          <div>
            Welcome to the AIMMO game screen
          </div>,
          <styled.button
            id="fetch-movies-button"
            onClick={[Function]}
          >
            Get the GhibliMovies!
          </styled.button>,
          <ul />,
        ],
      },
      "ref": null,
      "rendered": Array [
        Object {
          "instance": null,
          "key": undefined,
          "nodeType": "host",
          "props": Object {
            "children": "Welcome to the AIMMO game screen",
          },
          "ref": null,
          "rendered": "Welcome to the AIMMO game screen",
          "type": "div",
        },
        Object {
          "instance": null,
          "key": undefined,
          "nodeType": "class",
          "props": Object {
            "children": "Get the GhibliMovies!",
            "id": "fetch-movies-button",
            "onClick": [Function],
          },
          "ref": null,
          "rendered": "Get the GhibliMovies!",
          "type": [Function],
        },
        Object {
          "instance": null,
          "key": undefined,
          "nodeType": "host",
          "props": Object {
            "children": Array [],
          },
          "ref": null,
          "rendered": Array [],
          "type": "ul",
        },
      ],
      "type": Symbol(react.fragment),
    },
  ],
  Symbol(enzyme.__options__): Object {
    "adapter": ReactSixteenAdapter {
      "options": Object {
        "enableComponentDidUpdateOnSetState": true,
      },
    },
  },
}
`;
