// Jest Snapshot v1, https://goo.gl/fbAQLP

exports[`<IDEMenu /> renders correctly 1`] = `
<styled.nav>
  <button
    id="post-code-button"
  >
    Post Code
  </button>
</styled.nav>
`;

exports[`<IDEMenuLayout /> renders correctly 1`] = `
.c0 {
  background-color: #303030;
  grid-area: ide-menu;
}

<nav
  className="c0"
/>
`;
