// Jest Snapshot v1, https://goo.gl/fbAQLP

exports[`<ExitButton /> renders correctly 1`] = `
<styled.nav>
  <Styled(WithStyles(IconButton))
    aria-label="Close"
    href="/aimmo"
  >
    <CloseIcon />
  </Styled(WithStyles(IconButton))>
</styled.nav>
`;

exports[`<GameMenu /> renders correctly 1`] = `
<styled.nav>
  <Styled(WithStyles(IconButton))
    aria-label="Close"
    href="/aimmo"
  >
    <CloseIcon />
  </Styled(WithStyles(IconButton))>
</styled.nav>
`;

exports[`<GameMenuLayout /> renders correctly 1`] = `
<styled.nav>
  <Styled(WithStyles(IconButton))
    aria-label="Close"
    href="/aimmo"
  >
    <CloseIcon />
  </Styled(WithStyles(IconButton))>
</styled.nav>
`;
