// Jest Snapshot v1, https://goo.gl/fbAQLP

exports[`<NavigationBar /> renders correctly 1`] = `
<styled.nav>
  <WithStyles(ForwardRef(AppBar))
    position="sticky"
  >
    <Styled(WithStyles(ForwardRef(Toolbar)))>
      <WithStyles(ForwardRef(IconButton))
        aria-label="Kurono dashboard"
        color="inherit"
        href="/kurono"
      >
        <KuronoLogo
          fontSize="large"
        />
      </WithStyles(ForwardRef(IconButton))>
    </Styled(WithStyles(ForwardRef(Toolbar)))>
  </WithStyles(ForwardRef(AppBar))>
</styled.nav>
`;

exports[`<NavigationBarLayout /> renders correctly 1`] = `
.c0 {
  grid-area: navigation-bar;
}

<nav
  className="c0"
/>
`;
