// Jest Snapshot v1, https://goo.gl/fbAQLP

exports[`<NavigationBar /> renders correctly 1`] = `
<styled.nav>
  <Styled(WithStyles(ForwardRef(AppBar)))
    color="secondary"
    position="sticky"
  >
    <Styled(WithStyles(ForwardRef(Toolbar)))>
      <WithStyles(ForwardRef(IconButton))
        aria-label="Kurono dashboard"
        color="inherit"
        href=""
      >
        <Styled(KuronoLogo) />
      </WithStyles(ForwardRef(IconButton))>
      <Styled(MuiBox)
        alt="Change direction"
        component="img"
        key="0"
        src={[Function]}
        style={
          Object {
            "height": 45,
            "marginRight": 15,
          }
        }
        title="Change direction"
      />
      <Styled(MuiBox)
        alt="All directions"
        component="img"
        key="1"
        src={[Function]}
        style={
          Object {
            "height": 45,
            "marginRight": 15,
          }
        }
        title="All directions"
      />
      <Styled(MuiBox)
        alt="Investigate location"
        component="img"
        key="2"
        src={[Function]}
        style={
          Object {
            "height": 45,
            "marginRight": 15,
          }
        }
        title="Investigate location"
      />
      <WithStyles(ForwardRef(Button))
        onClick={[Function]}
      >
        Open modal
      </WithStyles(ForwardRef(Button))>
    </Styled(WithStyles(ForwardRef(Toolbar)))>
    <WithStyles(ForwardRef(Toolbar))>
      <WithStyles(ForwardRef(Button))
        href=""
        variant="outlined"
      >
        Exit game
      </WithStyles(ForwardRef(Button))>
    </WithStyles(ForwardRef(Toolbar))>
  </Styled(WithStyles(ForwardRef(AppBar)))>
  <BadgeModal
    modalOpen={false}
    taskId={0}
  />
</styled.nav>
`;

exports[`<NavigationBarLayout /> renders correctly 1`] = `
.c0 {
  grid-area: navigation-bar;
}

<nav
  className="c0"
/>
`;
