// Jest Snapshot v1, https://goo.gl/fbAQLP

exports[`<Compass /> matches snapshot 1`] = `
.c0 {
  position: -webkit-sticky;
  position: sticky;
  bottom: 8px;
  padding-left: 8px;
}

<img
  className="c0"
/>
`;

exports[`<GameView /> matches snapshot 1`] = `
<styled.div>
  <canvas
    style={
      Object {
        "height": "100%",
        "width": "100%",
      }
    }
  />
  <styled.img
    src="/static/images/compass.svg"
  />
</styled.div>
`;

exports[`<GameViewLayout /> matches snapshot 1`] = `
.c0 {
  grid-area: game-view;
}

<div
  className="c0"
/>
`;
