// Jest Snapshot v1, https://goo.gl/fbAQLP

exports[`<GamePage /> matches snapshot 1`] = `
<styled.div>
  <IDE />
  <Game />
</styled.div>
`;

exports[`<GamePageLayout /> matches snapshot 1`] = `
.c0 {
  display: grid;
  grid-template: 80px 1fr 150px / 1fr 1fr;
  grid-template-areas: "ide-menu game-menu" "ide-editor game-view" "ide-console game-view";
  width: 100vw;
  height: 100vh;
}

<div
  className="c0"
/>
`;
